// Vitest Snapshot v1, https://vitest.dev/guide/snapshot.html

exports[`<AppHeader /> common component > should render the component and match snapshot 1`] = `
<header
  class="components-common-appHeader"
  data-v-1820f6ff=""
>
  <p
    class="components-common-appHeader-step"
    data-v-1820f6ff=""
  >
     Etapa 
    <span
      class="components-common-appHeader-step__number"
      data-v-1820f6ff=""
    />
     de 4 
  </p>
  <h1
    class="components-common-appHeader-title"
    data-v-1820f6ff=""
  />
</header>
`;
